
> frontend@0.1.0 build
> react-scripts build

Creating an optimized production build...
Compiled successfully.

File sizes after gzip:

  203.29 kB (-16 B)  build\static\js\main.8fe1312f.js
  4.15 kB            build\static\css\main.8a72dfc9.css
  1.76 kB            build\static\js\453.03346f77.chunk.js

The project was built assuming it is hosted at /.
You can control this with the homepage field in your package.json.

The build folder is ready to be deployed.
You may serve it with a static server:

  npm install -g serve
  serve -s build

Find out more about deployment here:

  https://cra.link/deployment

